Using launch settings from Web/Properties/launchSettings.json...
Building...
/app/Web/Controllers/SmartphonesController.cs(212,30): warning CS0168: The variable 'ex' is declared but never used [/app/Web/Web.csproj]
/app/Web/Controllers/ManutencoesController.cs(113,30): warning CS0168: The variable 'ex' is declared but never used [/app/Web/Web.csproj]
/app/Web/Controllers/RemoteAccessController.cs(53,70): warning CA1416: This call site is reachable on all platforms. 'Image.Height' is only supported on: 'windows' 6.1 and later. (https://learn.microsoft.com/dotnet/fundamentals/code-analysis/quality-rules/ca1416) [/app/Web/Web.csproj]
/app/Web/Controllers/RemoteAccessController.cs(52,69): warning CA1416: This call site is reachable on all platforms. 'Image.Width' is only supported on: 'windows' 6.1 and later. (https://learn.microsoft.com/dotnet/fundamentals/code-analysis/quality-rules/ca1416) [/app/Web/Web.csproj]
/app/Web/Controllers/RemoteAccessController.cs(50,40): warning CA1416: This call site is reachable on all platforms. 'Image.FromStream(Stream)' is only supported on: 'windows' 6.1 and later. (https://learn.microsoft.com/dotnet/fundamentals/code-analysis/quality-rules/ca1416) [/app/Web/Web.csproj]
info: Web.Services.DatabaseService[0]
      Main Database file not found. Creating new database at Coletados.db
info: Web.Services.DatabaseService[0]
      Main Database initialized successfully with schema.
info: Web.Services.DatabaseService[0]
      Logs Database file not found. Creating new database at ColetadosLogs.db
info: Web.Services.DatabaseService[0]
      Logs Database initialized successfully with schema.
warn: Microsoft.AspNetCore.DataProtection.KeyManagement.XmlKeyManager[35]
      No XML encryptor configured. Key {6fa1a457-ac5d-41a2-a1e0-c9ba3de112fe} may be persisted to storage in unencrypted form.
info: Web.Services.PingService[0]
      Loaded 0 devices to monitor.
info: Web.Services.PingService[0]
      PingService running at: 07/20/2026 20:25:01 +00:00
info: Microsoft.Hosting.Lifetime[14]
      Now listening on: http://localhost:5000
info: Microsoft.Hosting.Lifetime[0]
      Application started. Press Ctrl+C to shut down.
info: Microsoft.Hosting.Lifetime[0]
      Hosting environment: Development
info: Microsoft.Hosting.Lifetime[0]
      Content root path: /app/Web
info: Web.Services.PingService[0]
      PingService running at: 07/20/2026 20:25:16 +00:00
info: Web.Services.PingService[0]
      PingService running at: 07/20/2026 20:25:31 +00:00
info: Web.Services.PingService[0]
      PingService running at: 07/20/2026 20:25:46 +00:00
info: Web.Services.PingService[0]
      PingService running at: 07/20/2026 20:26:01 +00:00
info: Web.Services.PingService[0]
      PingService running at: 07/20/2026 20:26:16 +00:00
info: Web.Services.PingService[0]
      PingService running at: 07/20/2026 20:26:31 +00:00
info: Web.Services.PingService[0]
      PingService running at: 07/20/2026 20:26:46 +00:00
info: Web.Services.PingService[0]
      PingService running at: 07/20/2026 20:27:01 +00:00
info: Web.Services.PingService[0]
      PingService running at: 07/20/2026 20:27:16 +00:00
info: Web.Services.PingService[0]
      PingService running at: 07/20/2026 20:27:31 +00:00
info: Web.Services.PingService[0]
      PingService running at: 07/20/2026 20:27:46 +00:00
info: Web.Services.PingService[0]
      PingService running at: 07/20/2026 20:28:01 +00:00
info: Web.Services.PingService[0]
      PingService running at: 07/20/2026 20:28:16 +00:00
info: Web.Services.PingService[0]
      PingService running at: 07/20/2026 20:28:31 +00:00
info: Web.Services.PingService[0]
      PingService running at: 07/20/2026 20:28:46 +00:00
info: Web.Services.PingService[0]
      PingService running at: 07/20/2026 20:29:01 +00:00
info: Web.Services.PingService[0]
      PingService running at: 07/20/2026 20:29:16 +00:00
info: Web.Services.PingService[0]
      PingService running at: 07/20/2026 20:29:31 +00:00
info: Web.Services.PingService[0]
      PingService running at: 07/20/2026 20:29:46 +00:00
info: Web.Services.PingService[0]
      PingService running at: 07/20/2026 20:30:01 +00:00
info: Web.Services.PingService[0]
      PingService running at: 07/20/2026 20:30:16 +00:00
info: Web.Services.PingService[0]
      PingService running at: 07/20/2026 20:30:31 +00:00
info: Web.Services.PingService[0]
      PingService running at: 07/20/2026 20:30:46 +00:00
info: Web.Services.PingService[0]
      PingService running at: 07/20/2026 20:31:01 +00:00
info: Web.Services.PingService[0]
      PingService running at: 07/20/2026 20:31:16 +00:00
info: Web.Services.PingService[0]
      PingService running at: 07/20/2026 20:31:31 +00:00
info: Web.Services.PingService[0]
      PingService running at: 07/20/2026 20:31:46 +00:00
info: Web.Services.PingService[0]
      PingService running at: 07/20/2026 20:32:01 +00:00
info: Web.Services.PingService[0]
      PingService running at: 07/20/2026 20:32:16 +00:00
info: Web.Services.PingService[0]
      PingService running at: 07/20/2026 20:32:31 +00:00
info: Web.Services.PingService[0]
      PingService running at: 07/20/2026 20:32:46 +00:00
info: Web.Services.PingService[0]
      PingService running at: 07/20/2026 20:33:01 +00:00
info: Web.Services.PingService[0]
      PingService running at: 07/20/2026 20:33:16 +00:00
info: Web.Services.PingService[0]
      PingService running at: 07/20/2026 20:33:31 +00:00
info: Web.Services.PingService[0]
      PingService running at: 07/20/2026 20:33:46 +00:00
info: Web.Services.PingService[0]
      PingService running at: 07/20/2026 20:34:01 +00:00
info: Web.Services.PingService[0]
      PingService running at: 07/20/2026 20:34:16 +00:00
info: Web.Services.PingService[0]
      PingService running at: 07/20/2026 20:34:31 +00:00
info: Web.Services.PingService[0]
      PingService running at: 07/20/2026 20:34:46 +00:00
info: Web.Services.PingService[0]
      PingService running at: 07/20/2026 20:35:01 +00:00
info: Web.Services.PingService[0]
      PingService running at: 07/20/2026 20:35:16 +00:00
info: Web.Services.PingService[0]
      PingService running at: 07/20/2026 20:35:31 +00:00
info: Web.Services.PingService[0]
      PingService running at: 07/20/2026 20:35:46 +00:00
info: Web.Services.PingService[0]
      PingService running at: 07/20/2026 20:36:01 +00:00
info: Web.Services.PingService[0]
      PingService running at: 07/20/2026 20:36:16 +00:00
info: Web.Services.PingService[0]
      PingService running at: 07/20/2026 20:36:31 +00:00
info: Web.Services.PingService[0]
      PingService running at: 07/20/2026 20:36:46 +00:00
info: Web.Services.PingService[0]
      PingService running at: 07/20/2026 20:37:01 +00:00
info: Web.Services.PingService[0]
      PingService running at: 07/20/2026 20:37:16 +00:00
info: Web.Services.PingService[0]
      PingService running at: 07/20/2026 20:37:31 +00:00
info: Web.Services.PingService[0]
      PingService running at: 07/20/2026 20:37:46 +00:00
info: Web.Services.PingService[0]
      PingService running at: 07/20/2026 20:38:01 +00:00
info: Web.Services.PingService[0]
      PingService running at: 07/20/2026 20:38:16 +00:00
info: Web.Services.PingService[0]
      PingService running at: 07/20/2026 20:38:31 +00:00
info: Web.Services.PingService[0]
      PingService running at: 07/20/2026 20:38:46 +00:00
info: Web.Services.PingService[0]
      PingService running at: 07/20/2026 20:39:01 +00:00
info: Web.Services.PingService[0]
      PingService running at: 07/20/2026 20:39:16 +00:00
info: Web.Services.PingService[0]
      PingService running at: 07/20/2026 20:39:31 +00:00
info: Web.Services.PingService[0]
      PingService running at: 07/20/2026 20:39:46 +00:00
info: Web.Services.PingService[0]
      PingService running at: 07/20/2026 20:40:01 +00:00
info: Web.Services.PingService[0]
      PingService running at: 07/20/2026 20:40:16 +00:00
info: Web.Services.PingService[0]
      PingService running at: 07/20/2026 20:40:31 +00:00
info: Web.Services.PingService[0]
      PingService running at: 07/20/2026 20:40:46 +00:00
info: Web.Services.PingService[0]
      PingService running at: 07/20/2026 20:41:01 +00:00
info: Web.Services.PingService[0]
      PingService running at: 07/20/2026 20:41:16 +00:00
info: Web.Services.PingService[0]
      PingService running at: 07/20/2026 20:41:31 +00:00
info: Web.Services.PingService[0]
      PingService running at: 07/20/2026 20:41:46 +00:00
info: Web.Services.PingService[0]
      PingService running at: 07/20/2026 20:42:01 +00:00
info: Web.Services.PingService[0]
      PingService running at: 07/20/2026 20:42:16 +00:00
info: Web.Services.PingService[0]
      PingService running at: 07/20/2026 20:42:31 +00:00
info: Web.Services.PingService[0]
      PingService running at: 07/20/2026 20:42:46 +00:00
info: Web.Services.PingService[0]
      PingService running at: 07/20/2026 20:43:01 +00:00
info: Web.Services.PingService[0]
      PingService running at: 07/20/2026 20:43:16 +00:00
info: Web.Services.PingService[0]
      PingService running at: 07/20/2026 20:43:31 +00:00
info: Web.Services.PingService[0]
      PingService running at: 07/20/2026 20:43:46 +00:00
info: Web.Services.PingService[0]
      PingService running at: 07/20/2026 20:44:01 +00:00
info: Web.Services.PingService[0]
      PingService running at: 07/20/2026 20:44:16 +00:00
info: Web.Services.PingService[0]
      PingService running at: 07/20/2026 20:44:31 +00:00
info: Web.Services.PingService[0]
      PingService running at: 07/20/2026 20:44:46 +00:00
info: Web.Services.PingService[0]
      PingService running at: 07/20/2026 20:45:01 +00:00
info: Web.Services.PingService[0]
      PingService running at: 07/20/2026 20:45:16 +00:00
info: Web.Services.PingService[0]
      PingService running at: 07/20/2026 20:45:31 +00:00
info: Web.Services.PingService[0]
      PingService running at: 07/20/2026 20:45:46 +00:00
info: Web.Services.PingService[0]
      PingService running at: 07/20/2026 20:46:01 +00:00
info: Web.Services.PingService[0]
      PingService running at: 07/20/2026 20:46:16 +00:00
info: Web.Services.PingService[0]
      PingService running at: 07/20/2026 20:46:31 +00:00
info: Web.Services.PingService[0]
      PingService running at: 07/20/2026 20:46:46 +00:00
info: Web.Services.PingService[0]
      PingService running at: 07/20/2026 20:47:01 +00:00
info: Web.Services.PingService[0]
      PingService running at: 07/20/2026 20:47:16 +00:00
info: Web.Services.PingService[0]
      PingService running at: 07/20/2026 20:47:31 +00:00
info: Web.Services.PingService[0]
      PingService running at: 07/20/2026 20:47:46 +00:00
info: Web.Services.PingService[0]
      PingService running at: 07/20/2026 20:48:01 +00:00
info: Web.Services.PingService[0]
      PingService running at: 07/20/2026 20:48:16 +00:00
info: Web.Services.PingService[0]
      PingService running at: 07/20/2026 20:48:31 +00:00
info: Web.Services.PingService[0]
      PingService running at: 07/20/2026 20:48:46 +00:00
info: Web.Services.PingService[0]
      PingService running at: 07/20/2026 20:49:01 +00:00
info: Web.Services.PingService[0]
      PingService running at: 07/20/2026 20:49:16 +00:00
info: Web.Services.PingService[0]
      PingService running at: 07/20/2026 20:49:31 +00:00
info: Web.Services.PingService[0]
      PingService running at: 07/20/2026 20:49:46 +00:00
info: Web.Services.PingService[0]
      PingService running at: 07/20/2026 20:50:01 +00:00
info: Web.Services.PingService[0]
      PingService running at: 07/20/2026 20:50:16 +00:00
info: Web.Services.PingService[0]
      PingService running at: 07/20/2026 20:50:31 +00:00
info: Web.Services.PingService[0]
      PingService running at: 07/20/2026 20:50:46 +00:00
info: Web.Services.PingService[0]
      PingService running at: 07/20/2026 20:51:01 +00:00
info: Web.Services.PingService[0]
      PingService running at: 07/20/2026 20:51:16 +00:00
info: Web.Services.PingService[0]
      PingService running at: 07/20/2026 20:51:31 +00:00
info: Web.Services.PingService[0]
      PingService running at: 07/20/2026 20:51:46 +00:00
info: Web.Services.PingService[0]
      PingService running at: 07/20/2026 20:52:01 +00:00
info: Web.Services.PingService[0]
      PingService running at: 07/20/2026 20:52:16 +00:00
info: Web.Services.PingService[0]
      PingService running at: 07/20/2026 20:52:31 +00:00
info: Web.Services.PingService[0]
      PingService running at: 07/20/2026 20:52:46 +00:00
info: Web.Services.PingService[0]
      PingService running at: 07/20/2026 20:53:01 +00:00
info: Web.Services.PingService[0]
      PingService running at: 07/20/2026 20:53:16 +00:00
info: Web.Services.PingService[0]
      PingService running at: 07/20/2026 20:53:31 +00:00
info: Web.Services.PingService[0]
      PingService running at: 07/20/2026 20:53:46 +00:00
info: Web.Services.PingService[0]
      PingService running at: 07/20/2026 20:54:01 +00:00
info: Web.Services.PingService[0]
      PingService running at: 07/20/2026 20:54:16 +00:00
info: Web.Services.PingService[0]
      PingService running at: 07/20/2026 20:54:31 +00:00
info: Web.Services.PingService[0]
      PingService running at: 07/20/2026 20:54:46 +00:00
info: Web.Services.PingService[0]
      PingService running at: 07/20/2026 20:55:01 +00:00
info: Web.Services.PingService[0]
      PingService running at: 07/20/2026 20:55:16 +00:00
info: Web.Services.PingService[0]
      PingService running at: 07/20/2026 20:55:31 +00:00
info: Web.Services.PingService[0]
      PingService running at: 07/20/2026 20:55:46 +00:00
info: Web.Services.PingService[0]
      PingService running at: 07/20/2026 20:56:01 +00:00
info: Web.Services.PingService[0]
      PingService running at: 07/20/2026 20:56:16 +00:00
info: Web.Services.PingService[0]
      PingService running at: 07/20/2026 20:56:31 +00:00
info: Web.Services.PingService[0]
      PingService running at: 07/20/2026 20:56:46 +00:00
info: Web.Services.PingService[0]
      PingService running at: 07/20/2026 20:57:01 +00:00
info: Web.Services.PingService[0]
      PingService running at: 07/20/2026 20:57:16 +00:00
info: Web.Services.PingService[0]
      PingService running at: 07/20/2026 20:57:31 +00:00
info: Web.Services.PingService[0]
      PingService running at: 07/20/2026 20:57:46 +00:00
info: Web.Services.PingService[0]
      PingService running at: 07/20/2026 20:58:01 +00:00
info: Web.Services.PingService[0]
      PingService running at: 07/20/2026 20:58:16 +00:00
info: Web.Services.PingService[0]
      PingService running at: 07/20/2026 20:58:31 +00:00
info: Web.Services.PingService[0]
      PingService running at: 07/20/2026 20:58:46 +00:00
info: Web.Services.PingService[0]
      PingService running at: 07/20/2026 20:59:01 +00:00
info: Web.Services.PingService[0]
      PingService running at: 07/20/2026 20:59:16 +00:00
info: Web.Services.PingService[0]
      PingService running at: 07/20/2026 20:59:31 +00:00
info: Web.Services.PingService[0]
      PingService running at: 07/20/2026 20:59:46 +00:00
info: Web.Services.PingService[0]
      PingService running at: 07/20/2026 21:00:01 +00:00
info: Web.Services.PingService[0]
      PingService running at: 07/20/2026 21:00:16 +00:00
info: Web.Services.PingService[0]
      PingService running at: 07/20/2026 21:00:31 +00:00
info: Web.Services.PingService[0]
      PingService running at: 07/20/2026 21:00:46 +00:00
info: Web.Services.PingService[0]
      PingService running at: 07/20/2026 21:01:01 +00:00
info: Web.Services.PingService[0]
      PingService running at: 07/20/2026 21:01:16 +00:00
info: Web.Services.PingService[0]
      PingService running at: 07/20/2026 21:01:31 +00:00
info: Web.Services.PingService[0]
      PingService running at: 07/20/2026 21:01:46 +00:00
info: Web.Services.PingService[0]
      PingService running at: 07/20/2026 21:02:01 +00:00
info: Web.Services.PingService[0]
      PingService running at: 07/20/2026 21:02:16 +00:00
info: Web.Services.PingService[0]
      PingService running at: 07/20/2026 21:02:31 +00:00
info: Web.Services.PingService[0]
      PingService running at: 07/20/2026 21:02:46 +00:00
info: Web.Services.PingService[0]
      PingService running at: 07/20/2026 21:03:01 +00:00
info: Web.Services.PingService[0]
      PingService running at: 07/20/2026 21:03:16 +00:00
info: Web.Services.PingService[0]
      PingService running at: 07/20/2026 21:03:31 +00:00
info: Web.Services.PingService[0]
      PingService running at: 07/20/2026 21:03:46 +00:00
info: Web.Services.PingService[0]
      PingService running at: 07/20/2026 21:04:01 +00:00
info: Web.Services.PingService[0]
      PingService running at: 07/20/2026 21:04:16 +00:00
info: Web.Services.PingService[0]
      PingService running at: 07/20/2026 21:04:31 +00:00
info: Web.Services.PingService[0]
      PingService running at: 07/20/2026 21:04:46 +00:00
info: Web.Services.PingService[0]
      PingService running at: 07/20/2026 21:05:01 +00:00
info: Web.Services.PingService[0]
      PingService running at: 07/20/2026 21:05:16 +00:00
info: Web.Services.PingService[0]
      PingService running at: 07/20/2026 21:05:31 +00:00
info: Web.Services.PingService[0]
      PingService running at: 07/20/2026 21:05:46 +00:00
info: Web.Services.PingService[0]
      PingService running at: 07/20/2026 21:06:01 +00:00
info: Web.Services.PingService[0]
      PingService running at: 07/20/2026 21:06:16 +00:00
info: Web.Services.PingService[0]
      PingService running at: 07/20/2026 21:06:31 +00:00
info: Web.Services.PingService[0]
      PingService running at: 07/20/2026 21:06:46 +00:00
info: Web.Services.PingService[0]
      PingService running at: 07/20/2026 21:07:01 +00:00
info: Web.Services.PingService[0]
      PingService running at: 07/20/2026 21:07:16 +00:00
info: Web.Services.PingService[0]
      PingService running at: 07/20/2026 21:07:31 +00:00
info: Web.Services.PingService[0]
      PingService running at: 07/20/2026 21:07:46 +00:00
info: Web.Services.PingService[0]
      PingService running at: 07/20/2026 21:08:01 +00:00
info: Web.Services.PingService[0]
      PingService running at: 07/20/2026 21:08:16 +00:00
info: Web.Services.PingService[0]
      PingService running at: 07/21/2026 11:46:35 +00:00
info: Web.Services.PingService[0]
      PingService running at: 07/21/2026 11:46:50 +00:00
info: Web.Services.PingService[0]
      PingService running at: 07/21/2026 11:47:05 +00:00
info: Web.Services.PingService[0]
      PingService running at: 07/21/2026 11:47:20 +00:00
info: Web.Services.PingService[0]
      PingService running at: 07/21/2026 11:47:35 +00:00
info: Web.Services.PingService[0]
      PingService running at: 07/21/2026 11:47:50 +00:00
info: Web.Services.PingService[0]
      PingService running at: 07/21/2026 11:48:05 +00:00
info: Web.Services.PingService[0]
      PingService running at: 07/21/2026 11:48:20 +00:00
info: Web.Services.PingService[0]
      PingService running at: 07/21/2026 11:48:35 +00:00
info: Web.Services.PingService[0]
      PingService running at: 07/21/2026 11:48:50 +00:00
info: Web.Services.PingService[0]
      PingService running at: 07/21/2026 11:49:05 +00:00
info: Web.Services.PingService[0]
      PingService running at: 07/21/2026 11:49:20 +00:00
info: Web.Services.PingService[0]
      PingService running at: 07/21/2026 11:49:35 +00:00
info: Web.Services.PingService[0]
      PingService running at: 07/21/2026 11:49:50 +00:00
info: Web.Services.PingService[0]
      PingService running at: 07/21/2026 11:50:05 +00:00
info: Web.Services.PingService[0]
      PingService running at: 07/21/2026 11:50:20 +00:00
info: Web.Services.PingService[0]
      PingService running at: 07/21/2026 11:50:35 +00:00
info: Web.Services.PingService[0]
      PingService running at: 07/21/2026 11:50:50 +00:00
info: Web.Services.PingService[0]
      PingService running at: 07/21/2026 11:51:05 +00:00
info: Web.Services.PingService[0]
      PingService running at: 07/21/2026 11:51:20 +00:00
info: Web.Services.PingService[0]
      PingService running at: 07/21/2026 11:51:35 +00:00
info: Web.Services.PingService[0]
      PingService running at: 07/21/2026 11:51:50 +00:00
info: Web.Services.PingService[0]
      PingService running at: 07/21/2026 11:52:05 +00:00
info: Web.Services.PingService[0]
      PingService running at: 07/21/2026 11:52:20 +00:00
info: Web.Services.PingService[0]
      PingService running at: 07/21/2026 11:52:35 +00:00
info: Web.Services.PingService[0]
      PingService running at: 07/21/2026 11:52:50 +00:00
info: Web.Services.PingService[0]
      PingService running at: 07/21/2026 11:53:05 +00:00
info: Web.Services.PingService[0]
      PingService running at: 07/21/2026 11:53:20 +00:00
info: Web.Services.PingService[0]
      PingService running at: 07/21/2026 11:53:35 +00:00
info: Web.Services.PingService[0]
      PingService running at: 07/21/2026 11:53:50 +00:00
info: Web.Services.PingService[0]
      PingService running at: 07/21/2026 11:54:05 +00:00
info: Web.Services.PingService[0]
      PingService running at: 07/21/2026 11:54:20 +00:00
info: Web.Services.PingService[0]
      PingService running at: 07/21/2026 11:54:35 +00:00
info: Web.Services.PingService[0]
      PingService running at: 07/21/2026 11:54:50 +00:00
info: Web.Services.PingService[0]
      PingService running at: 07/21/2026 11:55:05 +00:00
info: Web.Services.PingService[0]
      PingService running at: 07/21/2026 11:55:20 +00:00
info: Web.Services.PingService[0]
      PingService running at: 07/21/2026 11:55:35 +00:00
info: Web.Services.PingService[0]
      PingService running at: 07/21/2026 11:55:50 +00:00
info: Web.Services.PingService[0]
      PingService running at: 07/21/2026 11:56:05 +00:00
info: Web.Services.PingService[0]
      PingService running at: 07/21/2026 11:56:20 +00:00
info: Web.Services.PingService[0]
      PingService running at: 07/21/2026 11:56:35 +00:00
info: Web.Services.PingService[0]
      PingService running at: 07/21/2026 11:56:50 +00:00
info: Web.Services.PingService[0]
      PingService running at: 07/21/2026 11:57:05 +00:00
info: Web.Services.PingService[0]
      PingService running at: 07/21/2026 11:57:20 +00:00
info: Web.Services.PingService[0]
      PingService running at: 07/21/2026 11:57:35 +00:00
info: Web.Services.PingService[0]
      PingService running at: 07/21/2026 11:57:50 +00:00
info: Web.Services.PingService[0]
      PingService running at: 07/21/2026 11:58:05 +00:00
info: Web.Services.PingService[0]
      PingService running at: 07/21/2026 11:58:20 +00:00
info: Web.Services.PingService[0]
      PingService running at: 07/21/2026 11:58:35 +00:00
info: Web.Services.PingService[0]
      PingService running at: 07/21/2026 11:58:50 +00:00
info: Web.Services.PingService[0]
      PingService running at: 07/21/2026 11:59:05 +00:00
info: Web.Services.PingService[0]
      PingService running at: 07/21/2026 11:59:20 +00:00
info: Web.Services.PingService[0]
      PingService running at: 07/21/2026 11:59:35 +00:00
info: Web.Services.PingService[0]
      PingService running at: 07/21/2026 11:59:50 +00:00
info: Web.Services.PingService[0]
      PingService running at: 07/21/2026 12:00:05 +00:00
info: Web.Services.PingService[0]
      PingService running at: 07/21/2026 12:00:20 +00:00
info: Web.Services.PingService[0]
      PingService running at: 07/21/2026 12:00:35 +00:00
info: Web.Services.PingService[0]
      PingService running at: 07/21/2026 12:00:50 +00:00
info: Web.Services.PingService[0]
      PingService running at: 07/21/2026 12:01:05 +00:00
info: Web.Services.PingService[0]
      PingService running at: 07/21/2026 12:01:20 +00:00
info: Web.Services.PingService[0]
      PingService running at: 07/21/2026 12:01:35 +00:00
info: Web.Services.PingService[0]
      PingService running at: 07/21/2026 12:01:50 +00:00
info: Web.Services.PingService[0]
      PingService running at: 07/21/2026 12:02:05 +00:00
info: Web.Services.PingService[0]
      PingService running at: 07/21/2026 12:02:20 +00:00
info: Web.Services.PingService[0]
      PingService running at: 07/21/2026 12:02:35 +00:00
info: Web.Services.PingService[0]
      PingService running at: 07/21/2026 12:02:50 +00:00
info: Web.Services.PingService[0]
      PingService running at: 07/21/2026 12:03:05 +00:00
info: Web.Services.PingService[0]
      PingService running at: 07/21/2026 12:03:20 +00:00
info: Web.Services.PingService[0]
      PingService running at: 07/21/2026 12:03:35 +00:00
info: Web.Services.PingService[0]
      PingService running at: 07/21/2026 12:03:50 +00:00
info: Web.Services.PingService[0]
      PingService running at: 07/21/2026 12:04:05 +00:00
info: Web.Services.PingService[0]
      PingService running at: 07/21/2026 12:04:20 +00:00
info: Web.Services.PingService[0]
      PingService running at: 07/21/2026 12:04:35 +00:00
info: Web.Services.PingService[0]
      PingService running at: 07/21/2026 12:04:50 +00:00
info: Web.Services.PingService[0]
      PingService running at: 07/21/2026 12:05:05 +00:00
info: Web.Services.PingService[0]
      PingService running at: 07/21/2026 12:05:20 +00:00
info: Web.Services.PingService[0]
      PingService running at: 07/21/2026 12:05:35 +00:00
info: Web.Services.PingService[0]
      PingService running at: 07/21/2026 12:05:50 +00:00
info: Web.Services.PingService[0]
      PingService running at: 07/21/2026 12:06:05 +00:00
info: Web.Services.PingService[0]
      PingService running at: 07/21/2026 12:06:20 +00:00
info: Web.Services.PingService[0]
      PingService running at: 07/21/2026 12:06:35 +00:00
info: Web.Services.PingService[0]
      PingService running at: 07/21/2026 12:06:50 +00:00
info: Web.Services.PingService[0]
      PingService running at: 07/21/2026 12:07:05 +00:00
info: Web.Services.PingService[0]
      PingService running at: 07/21/2026 12:07:20 +00:00
info: Web.Services.PingService[0]
      PingService running at: 07/21/2026 12:07:35 +00:00
info: Web.Services.PingService[0]
      PingService running at: 07/21/2026 12:07:50 +00:00
info: Web.Services.PingService[0]
      PingService running at: 07/21/2026 12:08:05 +00:00
info: Web.Services.PingService[0]
      PingService running at: 07/21/2026 12:08:20 +00:00
info: Web.Services.PingService[0]
      PingService running at: 07/21/2026 12:08:35 +00:00
info: Web.Services.PingService[0]
      PingService running at: 07/21/2026 12:08:50 +00:00
info: Web.Services.PingService[0]
      PingService running at: 07/21/2026 12:09:05 +00:00
info: Web.Services.PingService[0]
      PingService running at: 07/21/2026 12:09:20 +00:00
info: Web.Services.PingService[0]
      PingService running at: 07/21/2026 12:09:35 +00:00
info: Web.Services.PingService[0]
      PingService running at: 07/21/2026 12:09:50 +00:00
info: Web.Services.PingService[0]
      PingService running at: 07/21/2026 12:10:05 +00:00
info: Web.Services.PingService[0]
      PingService running at: 07/21/2026 12:10:20 +00:00
info: Web.Services.PingService[0]
      PingService running at: 07/21/2026 12:10:35 +00:00
info: Web.Services.PingService[0]
      PingService running at: 07/21/2026 12:10:50 +00:00
info: Web.Services.PingService[0]
      PingService running at: 07/21/2026 12:11:05 +00:00
info: Web.Services.PingService[0]
      PingService running at: 07/21/2026 12:11:20 +00:00
info: Web.Services.PingService[0]
      PingService running at: 07/21/2026 12:11:35 +00:00
info: Web.Services.PingService[0]
      PingService running at: 07/21/2026 12:11:50 +00:00
info: Web.Services.PingService[0]
      PingService running at: 07/21/2026 12:12:05 +00:00
info: Web.Services.PingService[0]
      PingService running at: 07/21/2026 12:12:20 +00:00
info: Web.Services.PingService[0]
      PingService running at: 07/21/2026 12:12:35 +00:00
info: Web.Services.PingService[0]
      PingService running at: 07/21/2026 12:12:50 +00:00
info: Web.Services.PingService[0]
      PingService running at: 07/21/2026 12:13:05 +00:00
info: Web.Services.PingService[0]
      PingService running at: 07/21/2026 12:13:20 +00:00
info: Web.Services.PingService[0]
      PingService running at: 07/21/2026 12:13:35 +00:00
info: Web.Services.PingService[0]
      PingService running at: 07/21/2026 12:13:50 +00:00
info: Web.Services.PingService[0]
      PingService running at: 07/21/2026 12:14:05 +00:00
info: Web.Services.PingService[0]
      PingService running at: 07/21/2026 12:14:20 +00:00
info: Web.Services.PingService[0]
      PingService running at: 07/21/2026 12:14:35 +00:00
info: Web.Services.PingService[0]
      PingService running at: 07/21/2026 12:14:50 +00:00
info: Web.Services.PingService[0]
      PingService running at: 07/21/2026 12:15:05 +00:00
info: Web.Services.PingService[0]
      PingService running at: 07/21/2026 12:15:20 +00:00
info: Web.Services.PingService[0]
      PingService running at: 07/21/2026 12:15:35 +00:00
info: Web.Services.PingService[0]
      PingService running at: 07/21/2026 12:15:50 +00:00
info: Web.Services.PingService[0]
      PingService running at: 07/21/2026 12:16:05 +00:00
info: Web.Services.PingService[0]
      PingService running at: 07/21/2026 12:16:20 +00:00
info: Web.Services.PingService[0]
      PingService running at: 07/21/2026 12:16:35 +00:00
info: Web.Services.PingService[0]
      PingService running at: 07/21/2026 12:16:50 +00:00
info: Web.Services.PingService[0]
      PingService running at: 07/21/2026 12:17:05 +00:00
info: Web.Services.PingService[0]
      PingService running at: 07/21/2026 12:17:20 +00:00
info: Web.Services.PingService[0]
      PingService running at: 07/21/2026 12:17:35 +00:00
info: Web.Services.PingService[0]
      PingService running at: 07/21/2026 12:17:50 +00:00
info: Web.Services.PingService[0]
      PingService running at: 07/21/2026 12:18:05 +00:00
info: Web.Services.PingService[0]
      PingService running at: 07/21/2026 12:18:20 +00:00
info: Web.Services.PingService[0]
      PingService running at: 07/21/2026 12:18:35 +00:00
info: Web.Services.PingService[0]
      PingService running at: 07/21/2026 12:18:50 +00:00
info: Web.Services.PingService[0]
      PingService running at: 07/21/2026 12:19:05 +00:00
info: Web.Services.PingService[0]
      PingService running at: 07/21/2026 12:19:20 +00:00
info: Web.Services.PingService[0]
      PingService running at: 07/21/2026 12:19:35 +00:00
info: Web.Services.PingService[0]
      PingService running at: 07/21/2026 12:19:50 +00:00
info: Web.Services.PingService[0]
      PingService running at: 07/21/2026 12:20:05 +00:00
info: Web.Services.PingService[0]
      PingService running at: 07/21/2026 12:20:20 +00:00
info: Web.Services.PingService[0]
      PingService running at: 07/21/2026 12:20:35 +00:00
info: Web.Services.PingService[0]
      PingService running at: 07/21/2026 12:20:50 +00:00
info: Web.Services.PingService[0]
      PingService running at: 07/21/2026 12:21:05 +00:00
info: Web.Services.PingService[0]
      PingService running at: 07/21/2026 12:21:20 +00:00
info: Web.Services.PingService[0]
      PingService running at: 07/21/2026 12:21:35 +00:00
info: Web.Services.PingService[0]
      PingService running at: 07/21/2026 12:21:50 +00:00
info: Web.Services.PingService[0]
      PingService running at: 07/21/2026 12:22:05 +00:00
info: Web.Services.PingService[0]
      PingService running at: 07/21/2026 12:22:20 +00:00
info: Web.Services.PingService[0]
      PingService running at: 07/21/2026 12:22:35 +00:00
info: Web.Services.PingService[0]
      PingService running at: 07/21/2026 12:22:50 +00:00
info: Web.Services.PingService[0]
      PingService running at: 07/21/2026 12:23:05 +00:00
info: Web.Services.PingService[0]
      PingService running at: 07/21/2026 12:23:20 +00:00
info: Web.Services.PingService[0]
      PingService running at: 07/21/2026 12:23:35 +00:00
info: Web.Services.PingService[0]
      PingService running at: 07/21/2026 12:23:50 +00:00
info: Web.Services.PingService[0]
      PingService running at: 07/21/2026 12:24:05 +00:00
info: Web.Services.PingService[0]
      PingService running at: 07/21/2026 12:24:20 +00:00
info: Web.Services.PingService[0]
      PingService running at: 07/21/2026 12:24:35 +00:00
info: Web.Services.PingService[0]
      PingService running at: 07/21/2026 12:24:50 +00:00
info: Web.Services.PingService[0]
      PingService running at: 07/21/2026 12:25:05 +00:00
info: Web.Services.PingService[0]
      PingService running at: 07/21/2026 12:25:20 +00:00
info: Web.Services.PingService[0]
      PingService running at: 07/21/2026 12:25:35 +00:00
info: Web.Services.PingService[0]
      PingService running at: 07/21/2026 12:25:50 +00:00
info: Web.Services.PingService[0]
      PingService running at: 07/21/2026 12:26:05 +00:00
info: Web.Services.PingService[0]
      PingService running at: 07/21/2026 12:26:20 +00:00
info: Web.Services.PingService[0]
      PingService running at: 07/21/2026 12:26:35 +00:00
info: Web.Services.PingService[0]
      PingService running at: 07/21/2026 12:26:50 +00:00
info: Web.Services.PingService[0]
      PingService running at: 07/21/2026 12:27:05 +00:00
info: Web.Services.PingService[0]
      PingService running at: 07/21/2026 12:27:20 +00:00
info: Web.Services.PingService[0]
      PingService running at: 07/21/2026 12:27:35 +00:00
info: Web.Services.PingService[0]
      PingService running at: 07/21/2026 12:27:50 +00:00
info: Web.Services.PingService[0]
      PingService running at: 07/21/2026 12:28:05 +00:00
info: Web.Services.PingService[0]
      PingService running at: 07/21/2026 12:28:20 +00:00
info: Web.Services.PingService[0]
      PingService running at: 07/21/2026 12:28:35 +00:00
info: Web.Services.PingService[0]
      PingService running at: 07/21/2026 12:28:50 +00:00
info: Web.Services.PingService[0]
      PingService running at: 07/21/2026 12:29:05 +00:00
info: Web.Services.PingService[0]
      PingService running at: 07/21/2026 12:29:20 +00:00
info: Web.Services.PingService[0]
      PingService running at: 07/21/2026 12:29:35 +00:00
info: Web.Services.PingService[0]
      PingService running at: 07/21/2026 12:29:50 +00:00
info: Web.Services.PingService[0]
      PingService running at: 07/21/2026 12:30:05 +00:00
info: Web.Services.PingService[0]
      PingService running at: 07/21/2026 12:30:20 +00:00
info: Web.Services.PingService[0]
      PingService running at: 07/21/2026 12:30:35 +00:00
info: Web.Services.PingService[0]
      PingService running at: 07/21/2026 12:30:50 +00:00
info: Web.Services.PingService[0]
      PingService running at: 07/21/2026 12:31:05 +00:00
info: Web.Services.PingService[0]
      PingService running at: 07/21/2026 12:31:20 +00:00
info: Web.Services.PingService[0]
      PingService running at: 07/21/2026 12:31:35 +00:00
info: Web.Services.PingService[0]
      PingService running at: 07/21/2026 12:31:50 +00:00
info: Web.Services.PingService[0]
      PingService running at: 07/21/2026 12:32:05 +00:00
info: Web.Services.PingService[0]
      PingService running at: 07/21/2026 12:32:20 +00:00
info: Web.Services.PingService[0]
      PingService running at: 07/21/2026 12:32:35 +00:00
info: Web.Services.PingService[0]
      PingService running at: 07/21/2026 12:32:50 +00:00
info: Web.Services.PingService[0]
      PingService running at: 07/21/2026 12:33:05 +00:00
info: Web.Services.PingService[0]
      PingService running at: 07/21/2026 12:33:20 +00:00
info: Web.Services.PingService[0]
      PingService running at: 07/21/2026 12:33:35 +00:00
info: Web.Services.PingService[0]
      PingService running at: 07/21/2026 12:33:50 +00:00
info: Web.Services.PingService[0]
      PingService running at: 07/21/2026 12:34:05 +00:00
info: Web.Services.PingService[0]
      PingService running at: 07/21/2026 12:34:20 +00:00
info: Web.Services.PingService[0]
      PingService running at: 07/21/2026 12:34:35 +00:00
info: Web.Services.PingService[0]
      PingService running at: 07/21/2026 12:34:50 +00:00
info: Web.Services.PingService[0]
      PingService running at: 07/21/2026 12:35:05 +00:00
info: Web.Services.PingService[0]
      PingService running at: 07/21/2026 12:35:20 +00:00
info: Web.Services.PingService[0]
      PingService running at: 07/21/2026 12:35:35 +00:00
info: Web.Services.PingService[0]
      PingService running at: 07/21/2026 12:35:50 +00:00
info: Web.Services.PingService[0]
      PingService running at: 07/21/2026 12:36:05 +00:00
info: Web.Services.PingService[0]
      PingService running at: 07/21/2026 12:36:20 +00:00
info: Web.Services.PingService[0]
      PingService running at: 07/21/2026 12:36:35 +00:00
info: Web.Services.PingService[0]
      PingService running at: 07/21/2026 12:36:50 +00:00
info: Web.Services.PingService[0]
      PingService running at: 07/21/2026 12:37:05 +00:00
info: Web.Services.PingService[0]
      PingService running at: 07/21/2026 12:37:20 +00:00
info: Web.Services.PingService[0]
      PingService running at: 07/21/2026 12:37:35 +00:00
info: Web.Services.PingService[0]
      PingService running at: 07/21/2026 12:37:50 +00:00
info: Web.Services.PingService[0]
      PingService running at: 07/21/2026 12:38:05 +00:00
info: Web.Services.PingService[0]
      PingService running at: 07/21/2026 12:38:20 +00:00
info: Web.Services.PingService[0]
      PingService running at: 07/21/2026 12:38:35 +00:00
info: Web.Services.PingService[0]
      PingService running at: 07/21/2026 12:38:50 +00:00
info: Web.Services.PingService[0]
      PingService running at: 07/21/2026 12:39:05 +00:00
info: Web.Services.PingService[0]
      PingService running at: 07/21/2026 12:39:20 +00:00
info: Web.Services.PingService[0]
      PingService running at: 07/21/2026 12:39:35 +00:00
info: Web.Services.PingService[0]
      PingService running at: 07/21/2026 12:39:50 +00:00
info: Web.Services.PingService[0]
      PingService running at: 07/21/2026 12:40:05 +00:00
info: Web.Services.PingService[0]
      PingService running at: 07/21/2026 12:40:20 +00:00
info: Web.Services.PingService[0]
      PingService running at: 07/21/2026 12:40:35 +00:00
info: Web.Services.PingService[0]
      PingService running at: 07/21/2026 12:40:50 +00:00
info: Web.Services.PingService[0]
      PingService running at: 07/21/2026 12:41:05 +00:00
info: Web.Services.PingService[0]
      PingService running at: 07/21/2026 12:41:20 +00:00
info: Web.Services.PingService[0]
      PingService running at: 07/21/2026 12:41:35 +00:00
info: Web.Services.PingService[0]
      PingService running at: 07/21/2026 12:41:50 +00:00
info: Web.Services.PingService[0]
      PingService running at: 07/21/2026 12:42:05 +00:00
info: Web.Services.PingService[0]
      PingService running at: 07/21/2026 12:42:20 +00:00
info: Web.Services.PingService[0]
      PingService running at: 07/21/2026 12:42:35 +00:00
info: Web.Services.PingService[0]
      PingService running at: 07/21/2026 12:42:50 +00:00
info: Web.Services.PingService[0]
      PingService running at: 07/21/2026 12:43:05 +00:00
info: Web.Services.PingService[0]
      PingService running at: 07/21/2026 12:43:20 +00:00
info: Web.Services.PingService[0]
      PingService running at: 07/21/2026 12:43:35 +00:00
info: Web.Services.PingService[0]
      PingService running at: 07/21/2026 12:43:50 +00:00
info: Web.Services.PingService[0]
      PingService running at: 07/21/2026 12:44:05 +00:00
info: Web.Services.PingService[0]
      PingService running at: 07/21/2026 12:44:20 +00:00
info: Web.Services.PingService[0]
      PingService running at: 07/21/2026 12:44:35 +00:00
info: Web.Services.PingService[0]
      PingService running at: 07/21/2026 12:44:50 +00:00
info: Web.Services.PingService[0]
      PingService running at: 07/21/2026 12:45:05 +00:00
info: Web.Services.PingService[0]
      PingService running at: 07/21/2026 12:45:20 +00:00
info: Web.Services.PingService[0]
      PingService running at: 07/21/2026 12:45:35 +00:00
info: Web.Services.PingService[0]
      PingService running at: 07/21/2026 12:45:50 +00:00
info: Web.Services.PingService[0]
      PingService running at: 07/21/2026 12:46:05 +00:00
info: Web.Services.PingService[0]
      PingService running at: 07/21/2026 12:46:20 +00:00
info: Web.Services.PingService[0]
      PingService running at: 07/21/2026 12:46:35 +00:00
info: Web.Services.PingService[0]
      PingService running at: 07/21/2026 12:46:50 +00:00
info: Web.Services.PingService[0]
      PingService running at: 07/21/2026 12:47:05 +00:00
info: Web.Services.PingService[0]
      PingService running at: 07/21/2026 12:47:20 +00:00
info: Web.Services.PingService[0]
      PingService running at: 07/21/2026 12:47:35 +00:00
info: Web.Services.PingService[0]
      PingService running at: 07/21/2026 12:47:50 +00:00
info: Web.Services.PingService[0]
      PingService running at: 07/21/2026 12:48:05 +00:00
info: Web.Services.PingService[0]
      PingService running at: 07/21/2026 12:48:20 +00:00
info: Web.Services.PingService[0]
      PingService running at: 07/21/2026 12:48:35 +00:00
info: Web.Services.PingService[0]
      PingService running at: 07/21/2026 12:48:50 +00:00
info: Web.Services.PingService[0]
      PingService running at: 07/21/2026 12:49:05 +00:00
info: Web.Services.PingService[0]
      PingService running at: 07/21/2026 12:49:20 +00:00
info: Web.Services.PingService[0]
      PingService running at: 07/21/2026 12:49:35 +00:00
info: Web.Services.PingService[0]
      PingService running at: 07/21/2026 12:49:50 +00:00
info: Web.Services.PingService[0]
      PingService running at: 07/21/2026 12:50:05 +00:00
info: Web.Services.PingService[0]
      PingService running at: 07/21/2026 12:50:20 +00:00
info: Web.Services.PingService[0]
      PingService running at: 07/21/2026 12:50:35 +00:00
info: Web.Services.PingService[0]
      PingService running at: 07/21/2026 12:50:50 +00:00
info: Web.Services.PingService[0]
      PingService running at: 07/21/2026 12:51:05 +00:00
info: Web.Services.PingService[0]
      PingService running at: 07/21/2026 12:51:20 +00:00
info: Web.Services.PingService[0]
      PingService running at: 07/21/2026 12:51:35 +00:00
info: Web.Services.PingService[0]
      PingService running at: 07/21/2026 12:51:50 +00:00
info: Web.Services.PingService[0]
      PingService running at: 07/21/2026 12:52:05 +00:00
info: Web.Services.PingService[0]
      PingService running at: 07/21/2026 12:52:20 +00:00
info: Web.Services.PingService[0]
      PingService running at: 07/21/2026 12:52:35 +00:00
info: Web.Services.PingService[0]
      PingService running at: 07/21/2026 12:52:50 +00:00
info: Web.Services.PingService[0]
      PingService running at: 07/21/2026 12:53:05 +00:00
info: Web.Services.PingService[0]
      PingService running at: 07/21/2026 12:53:20 +00:00
info: Web.Services.PingService[0]
      PingService running at: 07/21/2026 12:53:35 +00:00
info: Web.Services.PingService[0]
      PingService running at: 07/21/2026 12:53:50 +00:00
info: Web.Services.PingService[0]
      PingService running at: 07/21/2026 12:54:05 +00:00
info: Web.Services.PingService[0]
      PingService running at: 07/21/2026 12:54:20 +00:00
info: Web.Services.PingService[0]
      PingService running at: 07/21/2026 12:54:35 +00:00
info: Web.Services.PingService[0]
      PingService running at: 07/21/2026 12:54:50 +00:00
info: Web.Services.PingService[0]
      PingService running at: 07/21/2026 12:55:05 +00:00
info: Web.Services.PingService[0]
      PingService running at: 07/21/2026 12:55:20 +00:00
info: Web.Services.PingService[0]
      PingService running at: 07/21/2026 12:55:35 +00:00
info: Web.Services.PingService[0]
      PingService running at: 07/21/2026 12:55:50 +00:00
info: Web.Services.PingService[0]
      PingService running at: 07/21/2026 12:56:05 +00:00
info: Web.Services.PingService[0]
      PingService running at: 07/21/2026 12:56:20 +00:00
info: Web.Services.PingService[0]
      PingService running at: 07/21/2026 12:56:35 +00:00
info: Web.Services.PingService[0]
      PingService running at: 07/21/2026 12:56:50 +00:00
info: Web.Services.PingService[0]
      PingService running at: 07/21/2026 12:57:05 +00:00
info: Web.Services.PingService[0]
      PingService running at: 07/21/2026 12:57:20 +00:00
info: Web.Services.PingService[0]
      PingService running at: 07/21/2026 12:57:35 +00:00
info: Web.Services.PingService[0]
      PingService running at: 07/21/2026 12:57:50 +00:00
info: Web.Services.PingService[0]
      PingService running at: 07/21/2026 12:58:05 +00:00
info: Web.Services.PingService[0]
      PingService running at: 07/21/2026 12:58:20 +00:00
info: Web.Services.PingService[0]
      PingService running at: 07/21/2026 12:58:35 +00:00
info: Web.Services.PingService[0]
      PingService running at: 07/21/2026 12:58:50 +00:00
info: Web.Services.PingService[0]
      PingService running at: 07/21/2026 12:59:05 +00:00
info: Web.Services.PingService[0]
      PingService running at: 07/21/2026 12:59:20 +00:00
info: Web.Services.PingService[0]
      PingService running at: 07/21/2026 12:59:35 +00:00
info: Web.Services.PingService[0]
      PingService running at: 07/21/2026 12:59:50 +00:00
info: Web.Services.PingService[0]
      PingService running at: 07/21/2026 13:00:05 +00:00
info: Web.Services.PingService[0]
      PingService running at: 07/21/2026 13:00:20 +00:00
info: Web.Services.PingService[0]
      PingService running at: 07/21/2026 13:00:35 +00:00
info: Web.Services.PingService[0]
      PingService running at: 07/21/2026 13:00:50 +00:00
info: Web.Services.PingService[0]
      PingService running at: 07/21/2026 13:01:05 +00:00
info: Web.Services.PingService[0]
      PingService running at: 07/21/2026 13:01:20 +00:00
info: Web.Services.PingService[0]
      PingService running at: 07/21/2026 13:01:35 +00:00
info: Web.Services.PingService[0]
      PingService running at: 07/21/2026 13:01:50 +00:00
info: Web.Services.PingService[0]
      PingService running at: 07/21/2026 13:02:05 +00:00
info: Web.Services.PingService[0]
      PingService running at: 07/21/2026 13:02:20 +00:00
info: Web.Services.PingService[0]
      PingService running at: 07/21/2026 13:02:35 +00:00
info: Web.Services.PingService[0]
      PingService running at: 07/21/2026 13:02:50 +00:00
info: Web.Services.PingService[0]
      PingService running at: 07/21/2026 13:03:05 +00:00
info: Web.Services.PingService[0]
      PingService running at: 07/21/2026 13:03:20 +00:00
info: Web.Services.PingService[0]
      PingService running at: 07/21/2026 13:03:35 +00:00
